// Jest Snapshot v1, https://goo.gl/fbAQLP

exports[`renders Quotes correctly 1`] = `
<div>
  <p
    class="status"
  >
    Loading...
  </p>
</div>
`;